Archive member included because of file (symbol)

c:/winavr/bin/../lib/gcc/avr/4.3.3/avr4\libgcc.a(_exit.o)
                              c:/winavr/bin/../lib/gcc/avr/4.3.3/../../../../avr/lib/avr4/crtm8515.o (exit)
c:/winavr/bin/../lib/gcc/avr/4.3.3/avr4\libgcc.a(_copy_data.o)
                              C:\WINDOWS\TEMP/ccqkZZXk.o (__do_copy_data)
c:/winavr/bin/../lib/gcc/avr/4.3.3/avr4\libgcc.a(_clear_bss.o)
                              C:\WINDOWS\TEMP/ccqkZZXk.o (__do_clear_bss)

Allocating common symbols
Common symbol       size              file

delay_msec          0x2               C:\WINDOWS\TEMP/ccqkZZXk.o

Memory Configuration

Name             Origin             Length             Attributes
text             0x00000000         0x00002000         xr
data             0x00800060         0x0000ffa0         rw !x
eeprom           0x00810000         0x00010000         rw !x
fuse             0x00820000         0x00000400         rw !x
lock             0x00830000         0x00000400         rw !x
signature        0x00840000         0x00000400         rw !x
*default*        0x00000000         0xffffffff

Linker script and memory map

LOAD c:/winavr/bin/../lib/gcc/avr/4.3.3/../../../../avr/lib/avr4/crtm8515.o
LOAD C:\WINDOWS\TEMP/ccqkZZXk.o
LOAD c:/winavr/bin/../lib/gcc/avr/4.3.3/avr4\libgcc.a
LOAD c:/winavr/bin/../lib/gcc/avr/4.3.3/../../../../avr/lib/avr4\libc.a
LOAD c:/winavr/bin/../lib/gcc/avr/4.3.3/avr4\libgcc.a

.hash
 *(.hash)

.dynsym
 *(.dynsym)

.dynstr
 *(.dynstr)

.gnu.version
 *(.gnu.version)

.gnu.version_d
 *(.gnu.version_d)

.gnu.version_r
 *(.gnu.version_r)

.rel.init
 *(.rel.init)

.rela.init
 *(.rela.init)

.rel.text
 *(.rel.text)
 *(.rel.text.*)
 *(.rel.gnu.linkonce.t*)

.rela.text
 *(.rela.text)
 *(.rela.text.*)
 *(.rela.gnu.linkonce.t*)

.rel.fini
 *(.rel.fini)

.rela.fini
 *(.rela.fini)

.rel.rodata
 *(.rel.rodata)
 *(.rel.rodata.*)
 *(.rel.gnu.linkonce.r*)

.rela.rodata
 *(.rela.rodata)
 *(.rela.rodata.*)
 *(.rela.gnu.linkonce.r*)

.rel.data
 *(.rel.data)
 *(.rel.data.*)
 *(.rel.gnu.linkonce.d*)

.rela.data
 *(.rela.data)
 *(.rela.data.*)
 *(.rela.gnu.linkonce.d*)

.rel.ctors
 *(.rel.ctors)

.rela.ctors
 *(.rela.ctors)

.rel.dtors
 *(.rel.dtors)

.rela.dtors
 *(.rela.dtors)

.rel.got
 *(.rel.got)

.rela.got
 *(.rela.got)

.rel.bss
 *(.rel.bss)

.rela.bss
 *(.rela.bss)

.rel.plt
 *(.rel.plt)

.rela.plt
 *(.rela.plt)

.text           0x00000000      0x224
 *(.vectors)
 .vectors       0x00000000       0x22 c:/winavr/bin/../lib/gcc/avr/4.3.3/../../../../avr/lib/avr4/crtm8515.o
                0x00000000                __vectors
                0x00000000                __vector_default
 *(.vectors)
 *(.progmem.gcc*)
 *(.progmem*)
                0x00000022                . = ALIGN (0x2)
                0x00000022                __trampolines_start = .
 *(.trampolines)
 .trampolines   0x00000022        0x0 linker stubs
 *(.trampolines*)
                0x00000022                __trampolines_end = .
 *(.jumptables)
 *(.jumptables*)
 *(.lowtext)
 *(.lowtext*)
                0x00000022                __ctors_start = .
 *(.ctors)
                0x00000022                __ctors_end = .
                0x00000022                __dtors_start = .
 *(.dtors)
                0x00000022                __dtors_end = .
 SORT(*)(.ctors)
 SORT(*)(.dtors)
 *(.init0)
 .init0         0x00000022        0x0 c:/winavr/bin/../lib/gcc/avr/4.3.3/../../../../avr/lib/avr4/crtm8515.o
                0x00000022                __init
 *(.init0)
 *(.init1)
 *(.init1)
 *(.init2)
 .init2         0x00000022        0xc c:/winavr/bin/../lib/gcc/avr/4.3.3/../../../../avr/lib/avr4/crtm8515.o
 *(.init2)
 *(.init3)
 *(.init3)
 *(.init4)
 .init4         0x0000002e       0x16 c:/winavr/bin/../lib/gcc/avr/4.3.3/avr4\libgcc.a(_copy_data.o)
                0x0000002e                __do_copy_data
 .init4         0x00000044       0x10 c:/winavr/bin/../lib/gcc/avr/4.3.3/avr4\libgcc.a(_clear_bss.o)
                0x00000044                __do_clear_bss
 *(.init4)
 *(.init5)
 *(.init5)
 *(.init6)
 *(.init6)
 *(.init7)
 *(.init7)
 *(.init8)
 *(.init8)
 *(.init9)
 .init9         0x00000054        0x4 c:/winavr/bin/../lib/gcc/avr/4.3.3/../../../../avr/lib/avr4/crtm8515.o
 *(.init9)
 *(.text)
 .text          0x00000058        0x2 c:/winavr/bin/../lib/gcc/avr/4.3.3/../../../../avr/lib/avr4/crtm8515.o
                0x00000058                __vector_1
                0x00000058                __vector_12
                0x00000058                __bad_interrupt
                0x00000058                __vector_6
                0x00000058                __vector_3
                0x00000058                __vector_11
                0x00000058                __vector_13
                0x00000058                __vector_7
                0x00000058                __vector_5
                0x00000058                __vector_9
                0x00000058                __vector_2
                0x00000058                __vector_15
                0x00000058                __vector_8
                0x00000058                __vector_14
                0x00000058                __vector_10
                0x00000058                __vector_16
 .text          0x0000005a      0x1c6 C:\WINDOWS\TEMP/ccqkZZXk.o
                0x00000138                main
                0x00000080                __vector_4
                0x00000062                delay
                0x000000e6                hardware_init
                0x0000005a                delay16
 .text          0x00000220        0x0 c:/winavr/bin/../lib/gcc/avr/4.3.3/avr4\libgcc.a(_exit.o)
 .text          0x00000220        0x0 c:/winavr/bin/../lib/gcc/avr/4.3.3/avr4\libgcc.a(_copy_data.o)
 .text          0x00000220        0x0 c:/winavr/bin/../lib/gcc/avr/4.3.3/avr4\libgcc.a(_clear_bss.o)
                0x00000220                . = ALIGN (0x2)
 *(.text.*)
 .text.libgcc   0x00000220        0x0 c:/winavr/bin/../lib/gcc/avr/4.3.3/avr4\libgcc.a(_exit.o)
 .text.libgcc   0x00000220        0x0 c:/winavr/bin/../lib/gcc/avr/4.3.3/avr4\libgcc.a(_copy_data.o)
 .text.libgcc   0x00000220        0x0 c:/winavr/bin/../lib/gcc/avr/4.3.3/avr4\libgcc.a(_clear_bss.o)
                0x00000220                . = ALIGN (0x2)
 *(.fini9)
 .fini9         0x00000220        0x0 c:/winavr/bin/../lib/gcc/avr/4.3.3/avr4\libgcc.a(_exit.o)
                0x00000220                exit
                0x00000220                _exit
 *(.fini9)
 *(.fini8)
 *(.fini8)
 *(.fini7)
 *(.fini7)
 *(.fini6)
 *(.fini6)
 *(.fini5)
 *(.fini5)
 *(.fini4)
 *(.fini4)
 *(.fini3)
 *(.fini3)
 *(.fini2)
 *(.fini2)
 *(.fini1)
 *(.fini1)
 *(.fini0)
 .fini0         0x00000220        0x4 c:/winavr/bin/../lib/gcc/avr/4.3.3/avr4\libgcc.a(_exit.o)
 *(.fini0)
                0x00000224                _etext = .

.data           0x00800060       0x2c load address 0x00000224
                0x00800060                PROVIDE (__data_start, .)
 *(.data)
 .data          0x00800060        0x0 c:/winavr/bin/../lib/gcc/avr/4.3.3/../../../../avr/lib/avr4/crtm8515.o
 .data          0x00800060       0x2b C:\WINDOWS\TEMP/ccqkZZXk.o
                0x00800066                LED_REG
                0x0080006a                pB
                0x00800089                need_zoom
                0x00800062                righti
                0x0080007c                KEY_CODES
                0x00800070                kbc1
                0x0080007a                DAC_REG
                0x00800072                kbc2
                0x00800060                lefti
                0x00800064                dotsi
                0x00800078                DSP_REG
                0x0080006c                pC
                0x00800068                pA
                0x0080006e                kbc0
                0x00800076                mcol
                0x00800074                mrow
 .data          0x0080008b        0x0 c:/winavr/bin/../lib/gcc/avr/4.3.3/avr4\libgcc.a(_exit.o)
 .data          0x0080008b        0x0 c:/winavr/bin/../lib/gcc/avr/4.3.3/avr4\libgcc.a(_copy_data.o)
 .data          0x0080008b        0x0 c:/winavr/bin/../lib/gcc/avr/4.3.3/avr4\libgcc.a(_clear_bss.o)
 *(.data*)
 *(.rodata)
 *(.rodata*)
 *(.gnu.linkonce.d*)
                0x0080008c                . = ALIGN (0x2)
 *fill*         0x0080008b        0x1 00
                0x0080008c                _edata = .
                0x0080008c                PROVIDE (__data_end, .)

.bss            0x0080008c        0x2
                0x0080008c                PROVIDE (__bss_start, .)
 *(.bss)
 .bss           0x0080008c        0x0 c:/winavr/bin/../lib/gcc/avr/4.3.3/../../../../avr/lib/avr4/crtm8515.o
 .bss           0x0080008c        0x0 C:\WINDOWS\TEMP/ccqkZZXk.o
 .bss           0x0080008c        0x0 c:/winavr/bin/../lib/gcc/avr/4.3.3/avr4\libgcc.a(_exit.o)
 .bss           0x0080008c        0x0 c:/winavr/bin/../lib/gcc/avr/4.3.3/avr4\libgcc.a(_copy_data.o)
 .bss           0x0080008c        0x0 c:/winavr/bin/../lib/gcc/avr/4.3.3/avr4\libgcc.a(_clear_bss.o)
 *(.bss*)
 *(COMMON)
 COMMON         0x0080008c        0x2 C:\WINDOWS\TEMP/ccqkZZXk.o
                0x0080008c                delay_msec
                0x0080008e                PROVIDE (__bss_end, .)
                0x00000224                __data_load_start = LOADADDR (.data)
                0x00000250                __data_load_end = (__data_load_start + SIZEOF (.data))

.noinit         0x0080008e        0x0
                0x0080008e                PROVIDE (__noinit_start, .)
 *(.noinit*)
                0x0080008e                PROVIDE (__noinit_end, .)
                0x0080008e                _end = .
                0x0080008e                PROVIDE (__heap_start, .)

.eeprom         0x00810000        0x0
 *(.eeprom*)
                0x00810000                __eeprom_end = .

.fuse
 *(.fuse)
 *(.lfuse)
 *(.hfuse)
 *(.efuse)

.lock
 *(.lock*)

.signature
 *(.signature*)

.stab
 *(.stab)

.stabstr
 *(.stabstr)

.stab.excl
 *(.stab.excl)

.stab.exclstr
 *(.stab.exclstr)

.stab.index
 *(.stab.index)

.stab.indexstr
 *(.stab.indexstr)

.comment
 *(.comment)

.debug
 *(.debug)

.line
 *(.line)

.debug_srcinfo
 *(.debug_srcinfo)

.debug_sfnames
 *(.debug_sfnames)

.debug_aranges
 *(.debug_aranges)

.debug_pubnames
 *(.debug_pubnames)

.debug_info
 *(.debug_info)
 *(.gnu.linkonce.wi.*)

.debug_abbrev
 *(.debug_abbrev)

.debug_line
 *(.debug_line)

.debug_frame
 *(.debug_frame)

.debug_str
 *(.debug_str)

.debug_loc
 *(.debug_loc)

.debug_macinfo
 *(.debug_macinfo)
OUTPUT(main.elf elf32-avr)
LOAD linker stubs
